// Jest Snapshot v1, https://goo.gl/fbAQLP

exports[`Snapshot Testing 1`] = `"<form name=\\"profileForm\\" style=\\"width: 100%; display: flex; flex-direction: column;\\"><div class=\\"form-group\\"><label for=\\"name\\">Name</label><input class=\\"form-control\\" type=\\"text\\" id=\\"name\\" name=\\"name\\" aria-invalid=\\"false\\"></div><div class=\\"form-group\\"><label for=\\"email\\">Email</label><input class=\\"form-control\\" type=\\"email\\" id=\\"email\\" name=\\"email\\" aria-invalid=\\"false\\"></div><div class=\\"form-group\\"><label for=\\"pincode\\">Pincode</label><input class=\\"form-control\\" type=\\"text\\" id=\\"pincode\\" name=\\"pincode\\" aria-invalid=\\"false\\"> </div><div class=\\"form-group\\"><label for=\\"address\\">Address</label><textarea class=\\"form-control\\" id=\\"address\\" name=\\"address\\" aria-invalid=\\"false\\"></textarea></div><div class=\\"form-group\\"><label for=\\"mobile\\">Mobile</label><input class=\\"form-control\\" type=\\"text\\" id=\\"mobile\\" name=\\"mobile\\" aria-invalid=\\"false\\"></div><button name=\\"save\\" class=\\"btn btn-success\\" type=\\"submit\\">Save</button></form>"`;
